Drill report for /Users/mblair/8051dumper/pcb/8051dumper.kicad_pcb
Created on Monday, April 13, 2020 at 02:17:29 PM

Copper Layer Stackup:
    =============================================================
    L1 :  F.Cu                      front
    L2 :  In1.Cu                    in1
    L3 :  In2.Cu                    in2
    L4 :  B.Cu                      back


Drill file '8051dumper.drl' contains
    plated through holes:
    =============================================================
    T1  0.25mm  0.010"  (34 holes)
    T2  0.80mm  0.031"  (106 holes)
    T3  0.81mm  0.032"  (40 holes)
    T4  0.90mm  0.035"  (2 holes)
    T5  1.00mm  0.039"  (9 holes)  (with 3 slots)
    T6  1.02mm  0.040"  (2 holes)
    T7  1.19mm  0.047"  (10 holes)
    T8  1.85mm  0.073"  (3 holes)
    T9  3.17mm  0.125"  (4 holes)

    Total plated holes count 210


Not plated through holes are merged with plated holes
    unplated through holes:
    =============================================================
    T10  1.65mm  0.065"  (2 holes)
    T11  1.80mm  0.071"  (1 hole)

    Total unplated holes count 3
